2026-06-07 20:29:25,502 - freqtrade.loggers - INFO - Enabling colorized output.
2026-06-07 20:29:25,502 - freqtrade.loggers - INFO - Logfile configured
2026-06-07 20:29:25,503 - freqtrade.loggers - INFO - Verbosity set to 0
2026-06-07 20:29:25,503 - freqtrade.configuration.configuration - INFO - Runmode set to dry_run.
2026-06-07 20:29:25,503 - freqtrade.configuration.configuration - INFO - Using additional Strategy lookup path: user_data/strategies
2026-06-07 20:29:25,503 - freqtrade.configuration.configuration - INFO - Parameter --db-url detected ...
2026-06-07 20:29:25,503 - freqtrade.configuration.configuration - WARNING - `force_entry_enable` RPC message enabled.
2026-06-07 20:29:25,504 - freqtrade.configuration.configuration - INFO - Dry run is enabled
2026-06-07 20:29:25,504 - freqtrade.configuration.configuration - INFO - Using DB: "sqlite:///user_data/tradesv3.sqlite"
2026-06-07 20:29:25,504 - freqtrade.configuration.configuration - INFO - Using max_open_trades: 3 ...
2026-06-07 20:29:25,504 - freqtrade.configuration.configuration - INFO - Using user-data directory: /home/synczus/freqtrade/user_data ...
2026-06-07 20:29:25,504 - freqtrade.configuration.configuration - INFO - Using data directory: /home/synczus/freqtrade/user_data/data/coinbaseadvanced ...
2026-06-07 20:29:25,505 - freqtrade.exchange.check_exchange - INFO - Checking exchange...
2026-06-07 20:29:25,507 - freqtrade.exchange.check_exchange - WARNING - Exchange "coinbaseadvanced" is known to the ccxt library, available for the bot, but not officially supported by the Freqtrade development team. It may work flawlessly (please report back) or have serious issues. Use it at your own discretion.
2026-06-07 20:29:25,507 - freqtrade.configuration.configuration - INFO - Using pairlist from configuration.
2026-06-07 20:29:25,508 - freqtrade.resolvers.exchange_resolver - INFO - No Coinbaseadvanced specific subclass found. Using the generic class instead.
2026-06-07 20:29:25,508 - freqtrade.exchange.exchange - INFO - Instance is running with dry_run enabled
2026-06-07 20:29:25,508 - freqtrade.exchange.exchange - INFO - Using CCXT 4.5.56
2026-06-07 20:29:25,508 - freqtrade.exchange.exchange - INFO - Applying additional ccxt config: {'enableRateLimit': True}
2026-06-07 20:29:25,510 - freqtrade.exchange.exchange - INFO - Applying additional ccxt config: {'enableRateLimit': True}
2026-06-07 20:29:25,512 - freqtrade.exchange.exchange - INFO - Using Exchange "Coinbase Advanced"
2026-06-07 20:29:29,159 - freqtrade.resolvers.iresolver - INFO - Using resolved strategy StrikerBasisStrategy from '/home/synczus/freqtrade/user_data/strategies/striker_basis.py'...
2026-06-07 20:29:29,159 - freqtrade.strategy.hyper - INFO - Found no parameter file.
2026-06-07 20:29:29,160 - freqtrade.resolvers.strategy_resolver - INFO - Override strategy 'timeframe' with value from the configuration: 5m.
2026-06-07 20:29:29,160 - freqtrade.resolvers.strategy_resolver - INFO - Override strategy 'stake_currency' with value from the configuration: USDC.
2026-06-07 20:29:29,160 - freqtrade.resolvers.strategy_resolver - INFO - Override strategy 'stake_amount' with value from the configuration: 10.
2026-06-07 20:29:29,160 - freqtrade.resolvers.strategy_resolver - INFO - Override strategy 'unfilledtimeout' with value from the configuration: {'entry': 30, 'exit': 30, 'exit_timeout_count': 0, 'unit': 'minutes'}.
2026-06-07 20:29:29,160 - freqtrade.resolvers.strategy_resolver - INFO - Override strategy 'max_open_trades' with value from the configuration: 3.
2026-06-07 20:29:29,161 - freqtrade.resolvers.strategy_resolver - INFO - Strategy using minimal_roi: {'0': 0.01, '60': 0.005, '120': 0.001}
2026-06-07 20:29:29,161 - freqtrade.resolvers.strategy_resolver - INFO - Strategy using timeframe: 5m
2026-06-07 20:29:29,161 - freqtrade.resolvers.strategy_resolver - INFO - Strategy using stoploss: -0.02
2026-06-07 20:29:29,161 - freqtrade.resolvers.strategy_resolver - INFO - Strategy using trailing_stop: True
2026-06-07 20:29:29,161 - freqtrade.resolvers.strategy_resolver - INFO - Strategy using trailing_stop_positive: 0.005
2026-06-07 20:29:29,161 - freqtrade.resolvers.strategy_resolver - INFO - Strategy using trailing_stop_positive_offset: 0.01
2026-06-07 20:29:29,162 - freqtrade.resolvers.strategy_resolver - INFO - Strategy using trailing_only_offset_is_reached: True
2026-06-07 20:29:29,162 - freqtrade.resolvers.strategy_resolver - INFO - Strategy using use_custom_stoploss: False
2026-06-07 20:29:29,162 - freqtrade.resolvers.strategy_resolver - INFO - Strategy using process_only_new_candles: True
2026-06-07 20:29:29,162 - freqtrade.resolvers.strategy_resolver - INFO - Strategy using order_types: {'entry': 'limit', 'exit': 'limit', 'stoploss': 'limit', 'stoploss_on_exchange': False, 'stoploss_on_exchange_interval': 60}
2026-06-07 20:29:29,162 - freqtrade.resolvers.strategy_resolver - INFO - Strategy using order_time_in_force: {'entry': 'GTC', 'exit': 'GTC'}
2026-06-07 20:29:29,162 - freqtrade.resolvers.strategy_resolver - INFO - Strategy using stake_currency: USDC
2026-06-07 20:29:29,162 - freqtrade.resolvers.strategy_resolver - INFO - Strategy using stake_amount: 10
2026-06-07 20:29:29,163 - freqtrade.resolvers.strategy_resolver - INFO - Strategy using startup_candle_count: 20
2026-06-07 20:29:29,163 - freqtrade.resolvers.strategy_resolver - INFO - Strategy using unfilledtimeout: {'entry': 30, 'exit': 30, 'exit_timeout_count': 0, 'unit': 'minutes'}
2026-06-07 20:29:29,163 - freqtrade.resolvers.strategy_resolver - INFO - Strategy using use_exit_signal: True
2026-06-07 20:29:29,163 - freqtrade.resolvers.strategy_resolver - INFO - Strategy using exit_profit_only: False
2026-06-07 20:29:29,163 - freqtrade.resolvers.strategy_resolver - INFO - Strategy using ignore_roi_if_entry_signal: False
2026-06-07 20:29:29,163 - freqtrade.resolvers.strategy_resolver - INFO - Strategy using exit_profit_offset: 0.0
2026-06-07 20:29:29,163 - freqtrade.resolvers.strategy_resolver - INFO - Strategy using disable_dataframe_checks: False
2026-06-07 20:29:29,164 - freqtrade.resolvers.strategy_resolver - INFO - Strategy using ignore_buying_expired_candle_after: 0
2026-06-07 20:29:29,164 - freqtrade.resolvers.strategy_resolver - INFO - Strategy using position_adjustment_enable: False
2026-06-07 20:29:29,164 - freqtrade.resolvers.strategy_resolver - INFO - Strategy using max_entry_position_adjustment: -1
2026-06-07 20:29:29,164 - freqtrade.resolvers.strategy_resolver - INFO - Strategy using max_open_trades: 3
2026-06-07 20:29:29,164 - freqtrade.configuration.config_validation - INFO - Validating configuration ...
2026-06-07 20:29:29,181 - freqtrade.wallets - INFO - Wallets synced.
2026-06-07 20:29:34,651 - freqtrade.rpc.rpc_manager - INFO - Enabling rpc.api_server
2026-06-07 20:29:34,755 - freqtrade.rpc.api_server.webserver - INFO - Starting HTTP Server at 127.0.0.1:8081
2026-06-07 20:29:34,755 - freqtrade.rpc.api_server.webserver - INFO - Starting Local Rest Server.
2026-06-07 20:29:34,763 - uvicorn.error - INFO - Started server process [2284873]
2026-06-07 20:29:34,764 - uvicorn.error - INFO - Waiting for application startup.
2026-06-07 20:29:34,764 - uvicorn.error - INFO - Application startup complete.
2026-06-07 20:29:34,764 - uvicorn.error - ERROR - [Errno 98] error while attempting to bind on address ('127.0.0.1', 8081): address already in use
2026-06-07 20:29:34,764 - uvicorn.error - INFO - Waiting for application shutdown.
2026-06-07 20:29:34,765 - uvicorn.error - INFO - Application shutdown complete.
