Traceback (most recent call last):
  File "/home/synczus/kestrel/scripts/ingestion/post-ingest-scorer.py", line 402, in <module>
    run()
  File "/home/synczus/kestrel/scripts/ingestion/post-ingest-scorer.py", line 88, in run
    con = duckdb.connect(DB)
          ^^^^^^^^^^^^^^^^^^
_duckdb.IOException: IO Error: Could not set lock on file "/home/synczus/kestrel/signals.duckdb": Conflicting lock is held in /usr/bin/python3.12 (PID 3212396) by user synczus. However, you would be able to open this database in read-only mode, e.g. by using the -readonly parameter in the CLI. See also https://duckdb.org/docs/stable/connect/concurrency
Traceback (most recent call last):
  File "/home/synczus/kestrel/scripts/ingestion/post-ingest-scorer.py", line 402, in <module>
    run()
  File "/home/synczus/kestrel/scripts/ingestion/post-ingest-scorer.py", line 88, in run
    con = duckdb.connect(DB)
          ^^^^^^^^^^^^^^^^^^
_duckdb.IOException: IO Error: Could not set lock on file "/home/synczus/kestrel/signals.duckdb": Conflicting lock is held in /usr/bin/python3.12 (PID 3219109) by user synczus. See also https://duckdb.org/docs/stable/connect/concurrency
Traceback (most recent call last):
  File "/home/synczus/kestrel/scripts/ingestion/post-ingest-scorer.py", line 402, in <module>
    run()
  File "/home/synczus/kestrel/scripts/ingestion/post-ingest-scorer.py", line 88, in run
    con = duckdb.connect(DB)
          ^^^^^^^^^^^^^^^^^^
_duckdb.IOException: IO Error: Could not set lock on file "/home/synczus/kestrel/signals.duckdb": Conflicting lock is held in /usr/bin/python3.12 (PID 3235318) by user synczus. However, you would be able to open this database in read-only mode, e.g. by using the -readonly parameter in the CLI. See also https://duckdb.org/docs/stable/connect/concurrency
Traceback (most recent call last):
  File "/home/synczus/kestrel/scripts/ingestion/post-ingest-scorer.py", line 402, in <module>
    run()
  File "/home/synczus/kestrel/scripts/ingestion/post-ingest-scorer.py", line 88, in run
    con = duckdb.connect(DB)
          ^^^^^^^^^^^^^^^^^^
_duckdb.IOException: IO Error: Could not set lock on file "/home/synczus/kestrel/signals.duckdb": Conflicting lock is held in /usr/bin/python3.12 (PID 3250218) by user synczus. However, you would be able to open this database in read-only mode, e.g. by using the -readonly parameter in the CLI. See also https://duckdb.org/docs/stable/connect/concurrency
Traceback (most recent call last):
  File "/home/synczus/kestrel/scripts/ingestion/post-ingest-scorer.py", line 402, in <module>
    run()
  File "/home/synczus/kestrel/scripts/ingestion/post-ingest-scorer.py", line 88, in run
    con = duckdb.connect(DB)
          ^^^^^^^^^^^^^^^^^^
_duckdb.IOException: IO Error: Could not set lock on file "/home/synczus/kestrel/signals.duckdb": Conflicting lock is held in /usr/bin/python3.12 (PID 3265161) by user synczus. However, you would be able to open this database in read-only mode, e.g. by using the -readonly parameter in the CLI. See also https://duckdb.org/docs/stable/connect/concurrency
Traceback (most recent call last):
  File "/home/synczus/kestrel/scripts/ingestion/post-ingest-scorer.py", line 402, in <module>
    run()
  File "/home/synczus/kestrel/scripts/ingestion/post-ingest-scorer.py", line 88, in run
    con = duckdb.connect(DB)
          ^^^^^^^^^^^^^^^^^^
_duckdb.IOException: IO Error: Could not set lock on file "/home/synczus/kestrel/signals.duckdb": Conflicting lock is held in /usr/bin/python3.12 (PID 3278010) by user synczus. However, you would be able to open this database in read-only mode, e.g. by using the -readonly parameter in the CLI. See also https://duckdb.org/docs/stable/connect/concurrency
Traceback (most recent call last):
  File "/home/synczus/kestrel/scripts/ingestion/post-ingest-scorer.py", line 402, in <module>
    run()
  File "/home/synczus/kestrel/scripts/ingestion/post-ingest-scorer.py", line 88, in run
    con = duckdb.connect(DB)
          ^^^^^^^^^^^^^^^^^^
_duckdb.IOException: IO Error: Could not set lock on file "/home/synczus/kestrel/signals.duckdb": Conflicting lock is held in /usr/bin/python3.12 (PID 3291862) by user synczus. However, you would be able to open this database in read-only mode, e.g. by using the -readonly parameter in the CLI. See also https://duckdb.org/docs/stable/connect/concurrency
Traceback (most recent call last):
  File "/home/synczus/kestrel/scripts/ingestion/post-ingest-scorer.py", line 402, in <module>
    run()
  File "/home/synczus/kestrel/scripts/ingestion/post-ingest-scorer.py", line 88, in run
    con = duckdb.connect(DB)
          ^^^^^^^^^^^^^^^^^^
_duckdb.IOException: IO Error: Could not set lock on file "/home/synczus/kestrel/signals.duckdb": Conflicting lock is held in /usr/bin/python3.12 (PID 3305656) by user synczus. See also https://duckdb.org/docs/stable/connect/concurrency
[scorer 08:40:01] Scoring 7 new events
[scorer 08:40:01] Scored 7 events, 7 bucket rebuilds, top-20 written
Traceback (most recent call last):
  File "/home/synczus/kestrel/scripts/ingestion/post-ingest-scorer.py", line 402, in <module>
    run()
  File "/home/synczus/kestrel/scripts/ingestion/post-ingest-scorer.py", line 88, in run
    con = duckdb.connect(DB)
          ^^^^^^^^^^^^^^^^^^
_duckdb.IOException: IO Error: Could not set lock on file "/home/synczus/kestrel/signals.duckdb": Conflicting lock is held in /usr/bin/python3.12 (PID 3330990) by user synczus. However, you would be able to open this database in read-only mode, e.g. by using the -readonly parameter in the CLI. See also https://duckdb.org/docs/stable/connect/concurrency
[scorer 09:00:01] Scoring 1 new events
[scorer 09:00:01] Scored 1 events, 1 bucket rebuilds, top-20 written
[scorer 09:10:01] Scoring 1 new events
[scorer 09:10:01] Scored 1 events, 1 bucket rebuilds, top-20 written
Traceback (most recent call last):
  File "/home/synczus/kestrel/scripts/ingestion/post-ingest-scorer.py", line 402, in <module>
    run()
  File "/home/synczus/kestrel/scripts/ingestion/post-ingest-scorer.py", line 88, in run
    con = duckdb.connect(DB)
          ^^^^^^^^^^^^^^^^^^
_duckdb.IOException: IO Error: Could not set lock on file "/home/synczus/kestrel/signals.duckdb": Conflicting lock is held in /usr/bin/python3.12 (PID 3367240) by user synczus. However, you would be able to open this database in read-only mode, e.g. by using the -readonly parameter in the CLI. See also https://duckdb.org/docs/stable/connect/concurrency
Traceback (most recent call last):
  File "/home/synczus/kestrel/scripts/ingestion/post-ingest-scorer.py", line 402, in <module>
    run()
  File "/home/synczus/kestrel/scripts/ingestion/post-ingest-scorer.py", line 88, in run
    con = duckdb.connect(DB)
          ^^^^^^^^^^^^^^^^^^
_duckdb.IOException: IO Error: Could not set lock on file "/home/synczus/kestrel/signals.duckdb": Conflicting lock is held in /usr/bin/python3.12 (PID 3379151) by user synczus. See also https://duckdb.org/docs/stable/connect/concurrency
Traceback (most recent call last):
  File "/home/synczus/kestrel/scripts/ingestion/post-ingest-scorer.py", line 402, in <module>
    run()
  File "/home/synczus/kestrel/scripts/ingestion/post-ingest-scorer.py", line 88, in run
    con = duckdb.connect(DB)
          ^^^^^^^^^^^^^^^^^^
_duckdb.IOException: IO Error: Could not set lock on file "/home/synczus/kestrel/signals.duckdb": Conflicting lock is held in /usr/bin/python3.12 (PID 3391696) by user synczus. However, you would be able to open this database in read-only mode, e.g. by using the -readonly parameter in the CLI. See also https://duckdb.org/docs/stable/connect/concurrency
Traceback (most recent call last):
  File "/home/synczus/kestrel/scripts/ingestion/post-ingest-scorer.py", line 402, in <module>
    run()
  File "/home/synczus/kestrel/scripts/ingestion/post-ingest-scorer.py", line 88, in run
    con = duckdb.connect(DB)
          ^^^^^^^^^^^^^^^^^^
_duckdb.IOException: IO Error: Could not set lock on file "/home/synczus/kestrel/signals.duckdb": Conflicting lock is held in /usr/bin/python3.12 (PID 3403672) by user synczus. However, you would be able to open this database in read-only mode, e.g. by using the -readonly parameter in the CLI. See also https://duckdb.org/docs/stable/connect/concurrency
[scorer 10:00:01] Scoring 3 new events
[scorer 10:00:01] Scored 3 events, 3 bucket rebuilds, top-20 written
Traceback (most recent call last):
  File "/home/synczus/kestrel/scripts/ingestion/post-ingest-scorer.py", line 402, in <module>
    run()
  File "/home/synczus/kestrel/scripts/ingestion/post-ingest-scorer.py", line 88, in run
    con = duckdb.connect(DB)
          ^^^^^^^^^^^^^^^^^^
_duckdb.IOException: IO Error: Could not set lock on file "/home/synczus/kestrel/signals.duckdb": Conflicting lock is held in /usr/bin/python3.12 (PID 3431817) by user synczus. However, you would be able to open this database in read-only mode, e.g. by using the -readonly parameter in the CLI. See also https://duckdb.org/docs/stable/connect/concurrency
[scorer 10:20:01] Scoring 2 new events
[scorer 10:20:01] Scored 2 events, 2 bucket rebuilds, top-20 written
Traceback (most recent call last):
  File "/home/synczus/kestrel/scripts/ingestion/post-ingest-scorer.py", line 402, in <module>
    run()
  File "/home/synczus/kestrel/scripts/ingestion/post-ingest-scorer.py", line 88, in run
    con = duckdb.connect(DB)
          ^^^^^^^^^^^^^^^^^^
_duckdb.IOException: IO Error: Could not set lock on file "/home/synczus/kestrel/signals.duckdb": Conflicting lock is held in /usr/bin/python3.12 (PID 3458231) by user synczus. See also https://duckdb.org/docs/stable/connect/concurrency
Traceback (most recent call last):
  File "/home/synczus/kestrel/scripts/ingestion/post-ingest-scorer.py", line 402, in <module>
    run()
  File "/home/synczus/kestrel/scripts/ingestion/post-ingest-scorer.py", line 88, in run
    con = duckdb.connect(DB)
          ^^^^^^^^^^^^^^^^^^
_duckdb.IOException: IO Error: Could not set lock on file "/home/synczus/kestrel/signals.duckdb": Conflicting lock is held in /usr/bin/python3.12 (PID 3469841) by user synczus. See also https://duckdb.org/docs/stable/connect/concurrency
Traceback (most recent call last):
  File "/home/synczus/kestrel/scripts/ingestion/post-ingest-scorer.py", line 402, in <module>
    run()
  File "/home/synczus/kestrel/scripts/ingestion/post-ingest-scorer.py", line 88, in run
    con = duckdb.connect(DB)
          ^^^^^^^^^^^^^^^^^^
_duckdb.IOException: IO Error: Could not set lock on file "/home/synczus/kestrel/signals.duckdb": Conflicting lock is held in /usr/bin/python3.12 (PID 3473209) by user synczus. See also https://duckdb.org/docs/stable/connect/concurrency
Traceback (most recent call last):
  File "/home/synczus/kestrel/scripts/ingestion/post-ingest-scorer.py", line 402, in <module>
    run()
  File "/home/synczus/kestrel/scripts/ingestion/post-ingest-scorer.py", line 88, in run
    con = duckdb.connect(DB)
          ^^^^^^^^^^^^^^^^^^
_duckdb.IOException: IO Error: Could not set lock on file "/home/synczus/kestrel/signals.duckdb": Conflicting lock is held in /usr/bin/python3.12 (PID 3498409) by user synczus. See also https://duckdb.org/docs/stable/connect/concurrency
[scorer 11:10:01] Scoring 2 new events
[scorer 11:10:01] Scored 2 events, 2 bucket rebuilds, top-20 written
Traceback (most recent call last):
  File "/home/synczus/kestrel/scripts/ingestion/post-ingest-scorer.py", line 402, in <module>
    run()
  File "/home/synczus/kestrel/scripts/ingestion/post-ingest-scorer.py", line 88, in run
    con = duckdb.connect(DB)
          ^^^^^^^^^^^^^^^^^^
_duckdb.IOException: IO Error: Could not set lock on file "/home/synczus/kestrel/signals.duckdb": Conflicting lock is held in /usr/bin/python3.12 (PID 3525319) by user synczus. However, you would be able to open this database in read-only mode, e.g. by using the -readonly parameter in the CLI. See also https://duckdb.org/docs/stable/connect/concurrency
Traceback (most recent call last):
  File "/home/synczus/kestrel/scripts/ingestion/post-ingest-scorer.py", line 402, in <module>
    run()
  File "/home/synczus/kestrel/scripts/ingestion/post-ingest-scorer.py", line 88, in run
    con = duckdb.connect(DB)
          ^^^^^^^^^^^^^^^^^^
_duckdb.IOException: IO Error: Could not set lock on file "/home/synczus/kestrel/signals.duckdb": Conflicting lock is held in /usr/bin/python3.12 (PID 3537884) by user synczus. See also https://duckdb.org/docs/stable/connect/concurrency
Traceback (most recent call last):
  File "/home/synczus/kestrel/scripts/ingestion/post-ingest-scorer.py", line 402, in <module>
    run()
  File "/home/synczus/kestrel/scripts/ingestion/post-ingest-scorer.py", line 88, in run
    con = duckdb.connect(DB)
          ^^^^^^^^^^^^^^^^^^
_duckdb.IOException: IO Error: Could not set lock on file "/home/synczus/kestrel/signals.duckdb": Conflicting lock is held in /usr/bin/python3.12 (PID 3575777) by user synczus. However, you would be able to open this database in read-only mode, e.g. by using the -readonly parameter in the CLI. See also https://duckdb.org/docs/stable/connect/concurrency
Traceback (most recent call last):
  File "/home/synczus/kestrel/scripts/ingestion/post-ingest-scorer.py", line 402, in <module>
    run()
  File "/home/synczus/kestrel/scripts/ingestion/post-ingest-scorer.py", line 88, in run
    con = duckdb.connect(DB)
          ^^^^^^^^^^^^^^^^^^
_duckdb.IOException: IO Error: Could not set lock on file "/home/synczus/kestrel/signals.duckdb": Conflicting lock is held in /usr/bin/python3.12 (PID 3588326) by user synczus. However, you would be able to open this database in read-only mode, e.g. by using the -readonly parameter in the CLI. See also https://duckdb.org/docs/stable/connect/concurrency
[scorer 12:00:01] Scoring 3 new events
[scorer 12:00:01] Scored 3 events, 3 bucket rebuilds, top-20 written
Traceback (most recent call last):
  File "/home/synczus/kestrel/scripts/ingestion/post-ingest-scorer.py", line 402, in <module>
    run()
  File "/home/synczus/kestrel/scripts/ingestion/post-ingest-scorer.py", line 88, in run
    con = duckdb.connect(DB)
          ^^^^^^^^^^^^^^^^^^
_duckdb.IOException: IO Error: Could not set lock on file "/home/synczus/kestrel/signals.duckdb": Conflicting lock is held in /usr/bin/python3.12 (PID 3613201) by user synczus. However, you would be able to open this database in read-only mode, e.g. by using the -readonly parameter in the CLI. See also https://duckdb.org/docs/stable/connect/concurrency
Traceback (most recent call last):
  File "/home/synczus/kestrel/scripts/ingestion/post-ingest-scorer.py", line 402, in <module>
    run()
  File "/home/synczus/kestrel/scripts/ingestion/post-ingest-scorer.py", line 88, in run
    con = duckdb.connect(DB)
          ^^^^^^^^^^^^^^^^^^
_duckdb.IOException: IO Error: Could not set lock on file "/home/synczus/kestrel/signals.duckdb": Conflicting lock is held in /usr/bin/python3.12 (PID 3625388) by user synczus. However, you would be able to open this database in read-only mode, e.g. by using the -readonly parameter in the CLI. See also https://duckdb.org/docs/stable/connect/concurrency
[scorer 12:30:01] No new events to score
